// Jest Snapshot v1, https://goo.gl/fbAQLP

exports[`Hero Description component Description should match with snapshot 1`] = `
<p
  className="description__text"
>
  Cool description
</p>
`;
