// Jest Snapshot v1, https://goo.gl/fbAQLP

exports[`Hero Card component Should match with snapshot 1`] = `"April 29th 2014"`;
