// Jest Snapshot v1, https://goo.gl/fbAQLP

exports[`Heros List component Should match with snapshot 1`] = `
<div
  className="heros-list"
/>
`;
