// Jest Snapshot v1, https://goo.gl/fbAQLP

exports[`Searcher component Should match with snapshot 1`] = `
<div
  className="searcher"
>
  <input
    className="searcher__input"
    data-cy="search"
    name="search"
    placeholder="Search for your character"
    type="search"
  />
</div>
`;
