// Jest Snapshot v1, https://goo.gl/fbAQLP

exports[`Header component Logo test should match with snapshot 1`] = `
Array [
  "Marvel Api",
]
`;
